// Jest Snapshot v1, https://goo.gl/fbAQLP

exports[`public path build should create valid app with no unresolved resources 1`] = `
SOURCE HTML: 
<!DOCTYPE html>
<html>
  <head>
    <meta charset="UTF-8">
    <title>
      hello-world
    </title>
    <meta name="viewport"
          content="width=device-width, initial-scale=1"
    >
    <link data-chunk="main"
          rel="stylesheet"
          href="/static/main-d72d68abb80c2eed0357.css"
    >
    <link data-chunk="main"
          rel="preload"
          as="script"
          href="/static/runtime-f01bbf321c28d7d10ee0.js"
    >
    <link data-chunk="main"
          rel="preload"
          as="script"
          href="/static/vendors~main-161bbc240285d8da0af7.js"
    >
    <link data-chunk="main"
          rel="preload"
          as="script"
          href="/static/main-29da0b13d0f1f65ff1fc.js"
    >
  </head>
  <body>
    <div id="app">
      <div class="_1oKZ42c">
      </div>
    </div>
    <script id="__LOADABLE_REQUIRED_CHUNKS__"
            type="application/json"
    >
      []
    </script>
    <script async
            data-chunk="main"
            src="/static/runtime-f01bbf321c28d7d10ee0.js"
    >
    </script>
    <script async
            data-chunk="main"
            src="/static/vendors~main-161bbc240285d8da0af7.js"
    >
    </script>
    <script async
            data-chunk="main"
            src="/static/main-29da0b13d0f1f65ff1fc.js"
    >
    </script>
  </body>
</html>

POST HYDRATE DIFFS: NO DIFF
`;
